Component: Arm Compiler for Embedded 6.24 Tool: armlink [5f371500]

==============================================================================

Section Cross References

    cm0dsasm.o(RESET) refers to cm0dsasm.o(.text) for Reset_Handler
    cm0dsasm.o(.text) refers to cm0dsasm.o(MyData) for MsgOff1


==============================================================================

Image Symbol Table

    Local Symbols

    Symbol Name                              Value     Ov Type        Size  Object(Section)

    cm0dsasm.s                               0x00000000   Number         0  cm0dsasm.o ABSOLUTE
    RESET                                    0x00000000   Section      128  cm0dsasm.o(RESET)
    .text                                    0x00000080   Section      588  cm0dsasm.o(.text)
    Poll_Buttons                             0x000000b9   Thumb Code   172  cm0dsasm.o(.text)
    Timer_Start                              0x00000165   Thumb Code    24  cm0dsasm.o(.text)
    Timer_Stop                               0x0000017d   Thumb Code    18  cm0dsasm.o(.text)
    Timer_ClearIRQ                           0x0000018f   Thumb Code    14  cm0dsasm.o(.text)
    LCD_Show_CountX                          0x000001e7   Thumb Code    74  cm0dsasm.o(.text)
    LCD_Show_2Lines                          0x00000231   Thumb Code    56  cm0dsasm.o(.text)
    LCD_WaitReady                            0x00000269   Thumb Code    14  cm0dsasm.o(.text)
    Delay_Short                              0x00000277   Thumb Code    10  cm0dsasm.o(.text)
    MsgOff1                                  0x000002cc   Data          16  cm0dsasm.o(MyData)
    MyData                                   0x000002cc   Section      112  cm0dsasm.o(MyData)
    MsgOff2                                  0x000002dc   Data          16  cm0dsasm.o(MyData)
    MsgOn1                                   0x000002ec   Data          16  cm0dsasm.o(MyData)
    MsgOn2                                   0x000002fc   Data          16  cm0dsasm.o(MyData)
    CountUpLine1                             0x0000030c   Data          16  cm0dsasm.o(MyData)
    CountDownLine1                           0x0000031c   Data          16  cm0dsasm.o(MyData)
    CountLine2Template                       0x0000032c   Data          16  cm0dsasm.o(MyData)

    Global Symbols

    Symbol Name                              Value     Ov Type        Size  Object(Section)

    BuildAttributes$$THM_ISAv3M$S$A:L22$X:L11$S22$IEEE1$~IW$USESV6$~STKCKD$USESV7$~SHL$OSPACE$EBA8$STANDARDLIB$PRES8$EABIv2 0x00000000   Number         0  anon$$obj.o ABSOLUTE
    __Vectors                                0x00000000   Data           0  cm0dsasm.o(RESET)
    Reset_Handler                            0x00000081   Thumb Code    56  cm0dsasm.o(.text)
    Timer_Handler                            0x0000019d   Thumb Code    72  cm0dsasm.o(.text)
    Default_Handler                          0x000001e5   Thumb Code     2  cm0dsasm.o(.text)



==============================================================================

Memory Map of the image

  Image Entry point : 0x00000081

  Load Region LR_1 (Base: 0x00000000, Size: 0x0000033c, Max: 0xffffffff, ABSOLUTE)

    Execution Region ER_RO (Exec base: 0x00000000, Load base: 0x00000000, Size: 0x0000033c, Max: 0xffffffff, ABSOLUTE)

    Exec Addr    Load Addr    Size         Type   Attr      Idx    E Section Name        Object

    0x00000000   0x00000000   0x00000080   Data   RO            1    RESET               cm0dsasm.o
    0x00000080   0x00000080   0x0000024c   Code   RO            2  * .text               cm0dsasm.o
    0x000002cc   0x000002cc   0x00000070   Data   RO            3    MyData              cm0dsasm.o


    Execution Region ER_RW (Exec base: 0x20000000, Load base: 0x0000033c, Size: 0x00000000, Max: 0xffffffff, ABSOLUTE)

    **** No section assigned to this execution region ****


    Execution Region ER_ZI (Exec base: 0x20000000, Load base: 0x0000033c, Size: 0x00000000, Max: 0xffffffff, ABSOLUTE)

    **** No section assigned to this execution region ****


==============================================================================

Image component sizes


      Code (inc. data)   RO Data    RW Data    ZI Data      Debug   Object Name

       588         76        240          0          0        952   cm0dsasm.o

    ----------------------------------------------------------------------
       588         76        240          0          0        952   Object Totals
         0          0          0          0          0          0   (incl. Generated)
         0          0          0          0          0          0   (incl. Padding)

    ----------------------------------------------------------------------
         0          0          0          0          0          0   Library Totals
         0          0          0          0          0          0   (incl. Padding)

    ----------------------------------------------------------------------

==============================================================================


      Code (inc. data)   RO Data    RW Data    ZI Data      Debug   

       588         76        240          0          0        952   Grand Totals
       588         76        240          0          0        952   ELF Image Totals
       588         76        240          0          0          0   ROM Totals

==============================================================================

    Total RO  Size (Code + RO Data)                  828 (   0.81kB)
    Total RW  Size (RW Data + ZI Data)                 0 (   0.00kB)
    Total ROM Size (Code + RO Data + RW Data)        828 (   0.81kB)

==============================================================================

