<!doctype html public "-//w3c//dtd html 4.0 transitional//en">
<html><head>
<title>Static Call Graph - [.\Objects\code.axf]</title></head>
<body><HR>
<H1>Static Call Graph for image .\Objects\code.axf</H1><HR>
<BR><P>#&#060CALLGRAPH&#062# ARM Linker, 6240002: Last Updated: Fri Jan  9 12:28:08 2026
<BR><P>
<H3>Maximum Stack Usage =          0 bytes + Unknown(Untraceable Function Pointers)</H3><H3>
Call chain for Maximum Stack Depth:</H3>

<P>
<H3>
Function Pointers
</H3><UL>
 <LI><a href="#[2]">Default_Handler</a> from cm0dsasm.o(.text) referenced from cm0dsasm.o(RESET)
 <LI><a href="#[0]">Reset_Handler</a> from cm0dsasm.o(.text) referenced from cm0dsasm.o(RESET)
 <LI><a href="#[1]">Timer_Handler</a> from cm0dsasm.o(.text) referenced from cm0dsasm.o(RESET)
</UL>
<P>
<H3>
Global Symbols
</H3>
<P><STRONG><a name="[0]"></a>Reset_Handler</STRONG> (Thumb, 56 bytes, Stack size 0 bytes, cm0dsasm.o(.text))
<BR><BR>[Calls]<UL><LI><a href="#[8]">&gt;&gt;</a>&nbsp;&nbsp;&nbsp;LCD_Show_2Lines
<LI><a href="#[5]">&gt;&gt;</a>&nbsp;&nbsp;&nbsp;Timer_Stop
<LI><a href="#[3]">&gt;&gt;</a>&nbsp;&nbsp;&nbsp;Poll_Buttons
</UL>
<BR>[Address Reference Count : 1]<UL><LI> cm0dsasm.o(RESET)
</UL>
<P><STRONG><a name="[1]"></a>Timer_Handler</STRONG> (Thumb, 72 bytes, Stack size 0 bytes, cm0dsasm.o(.text))
<BR><BR>[Calls]<UL><LI><a href="#[8]">&gt;&gt;</a>&nbsp;&nbsp;&nbsp;LCD_Show_2Lines
<LI><a href="#[7]">&gt;&gt;</a>&nbsp;&nbsp;&nbsp;LCD_Show_CountX
<LI><a href="#[6]">&gt;&gt;</a>&nbsp;&nbsp;&nbsp;Timer_ClearIRQ
<LI><a href="#[5]">&gt;&gt;</a>&nbsp;&nbsp;&nbsp;Timer_Stop
</UL>
<BR>[Address Reference Count : 1]<UL><LI> cm0dsasm.o(RESET)
</UL>
<P><STRONG><a name="[2]"></a>Default_Handler</STRONG> (Thumb, 2 bytes, Stack size 0 bytes, cm0dsasm.o(.text))
<BR>[Address Reference Count : 1]<UL><LI> cm0dsasm.o(RESET)
</UL><P>
<H3>
Local Symbols
</H3>
<P><STRONG><a name="[3]"></a>Poll_Buttons</STRONG> (Thumb, 172 bytes, Stack size 0 bytes, cm0dsasm.o(.text))
<BR><BR>[Calls]<UL><LI><a href="#[a]">&gt;&gt;</a>&nbsp;&nbsp;&nbsp;Delay_Short
<LI><a href="#[8]">&gt;&gt;</a>&nbsp;&nbsp;&nbsp;LCD_Show_2Lines
<LI><a href="#[7]">&gt;&gt;</a>&nbsp;&nbsp;&nbsp;LCD_Show_CountX
<LI><a href="#[5]">&gt;&gt;</a>&nbsp;&nbsp;&nbsp;Timer_Stop
<LI><a href="#[4]">&gt;&gt;</a>&nbsp;&nbsp;&nbsp;Timer_Start
</UL>
<BR>[Called By]<UL><LI><a href="#[0]">&gt;&gt;</a>&nbsp;&nbsp;&nbsp;Reset_Handler
</UL>

<P><STRONG><a name="[4]"></a>Timer_Start</STRONG> (Thumb, 24 bytes, Stack size 0 bytes, cm0dsasm.o(.text))
<BR><BR>[Called By]<UL><LI><a href="#[3]">&gt;&gt;</a>&nbsp;&nbsp;&nbsp;Poll_Buttons
</UL>

<P><STRONG><a name="[5]"></a>Timer_Stop</STRONG> (Thumb, 18 bytes, Stack size 0 bytes, cm0dsasm.o(.text))
<BR><BR>[Called By]<UL><LI><a href="#[1]">&gt;&gt;</a>&nbsp;&nbsp;&nbsp;Timer_Handler
<LI><a href="#[0]">&gt;&gt;</a>&nbsp;&nbsp;&nbsp;Reset_Handler
<LI><a href="#[3]">&gt;&gt;</a>&nbsp;&nbsp;&nbsp;Poll_Buttons
</UL>

<P><STRONG><a name="[6]"></a>Timer_ClearIRQ</STRONG> (Thumb, 14 bytes, Stack size 0 bytes, cm0dsasm.o(.text))
<BR><BR>[Called By]<UL><LI><a href="#[1]">&gt;&gt;</a>&nbsp;&nbsp;&nbsp;Timer_Handler
</UL>

<P><STRONG><a name="[7]"></a>LCD_Show_CountX</STRONG> (Thumb, 74 bytes, Stack size 0 bytes, cm0dsasm.o(.text))
<BR><BR>[Calls]<UL><LI><a href="#[9]">&gt;&gt;</a>&nbsp;&nbsp;&nbsp;LCD_WaitReady
</UL>
<BR>[Called By]<UL><LI><a href="#[1]">&gt;&gt;</a>&nbsp;&nbsp;&nbsp;Timer_Handler
<LI><a href="#[3]">&gt;&gt;</a>&nbsp;&nbsp;&nbsp;Poll_Buttons
</UL>

<P><STRONG><a name="[8]"></a>LCD_Show_2Lines</STRONG> (Thumb, 56 bytes, Stack size 0 bytes, cm0dsasm.o(.text))
<BR><BR>[Calls]<UL><LI><a href="#[9]">&gt;&gt;</a>&nbsp;&nbsp;&nbsp;LCD_WaitReady
</UL>
<BR>[Called By]<UL><LI><a href="#[1]">&gt;&gt;</a>&nbsp;&nbsp;&nbsp;Timer_Handler
<LI><a href="#[0]">&gt;&gt;</a>&nbsp;&nbsp;&nbsp;Reset_Handler
<LI><a href="#[3]">&gt;&gt;</a>&nbsp;&nbsp;&nbsp;Poll_Buttons
</UL>

<P><STRONG><a name="[9]"></a>LCD_WaitReady</STRONG> (Thumb, 14 bytes, Stack size 0 bytes, cm0dsasm.o(.text))
<BR><BR>[Called By]<UL><LI><a href="#[8]">&gt;&gt;</a>&nbsp;&nbsp;&nbsp;LCD_Show_2Lines
<LI><a href="#[7]">&gt;&gt;</a>&nbsp;&nbsp;&nbsp;LCD_Show_CountX
</UL>

<P><STRONG><a name="[a]"></a>Delay_Short</STRONG> (Thumb, 10 bytes, Stack size 0 bytes, cm0dsasm.o(.text))
<BR><BR>[Called By]<UL><LI><a href="#[3]">&gt;&gt;</a>&nbsp;&nbsp;&nbsp;Poll_Buttons
</UL>
<P>
<H3>
Undefined Global Symbols
</H3><HR></body></html>
